// Jest Snapshot v1, https://goo.gl/fbAQLP

exports[`MyComponent should render correctly in "debug" mode 1`] = `
<div
  className="makeStyles-root-1"
>
  <WithStyles(ForwardRef(CircularProgress)) />
</div>
`;
