// Jest Snapshot v1, https://goo.gl/fbAQLP

exports[`MyComponent should render correctly in "debug" mode 1`] = `
<WithStyles(ForwardRef(Card))
  className="makeStyles-root-1"
>
  <WithStyles(ForwardRef(CardContent))>
    <WithStyles(ForwardRef(Grid))
      container={true}
      justify="center"
    >
      <WithStyles(ForwardRef(Typography))
        className="makeStyles-title-3"
        color="primary"
        gutterBottom={true}
      />
    </WithStyles(ForwardRef(Grid))>
    <WithStyles(ForwardRef(Typography))
      className="makeStyles-title-3"
      color="textSecondary"
      gutterBottom={true}
    >
      Palabra
    </WithStyles(ForwardRef(Typography))>
    <WithStyles(ForwardRef(Typography))
      component="h2"
      variant="h5"
    />
    <WithStyles(ForwardRef(Typography))
      className="makeStyles-pos-4"
      color="textSecondary"
    >
      Traducci√≥n
    </WithStyles(ForwardRef(Typography))>
    <WithStyles(ForwardRef(Typography))
      component="h2"
      variant="h5"
    />
  </WithStyles(ForwardRef(CardContent))>
</WithStyles(ForwardRef(Card))>
`;
