// Jest Snapshot v1, https://goo.gl/fbAQLP

exports[`MyComponent should render correctly in "debug" mode 1`] = `
<div
  className="App"
>
  <header
    className="App-header"
  >
    <AppBarHeader />
  </header>
  <section>
    <WithStyles(ForwardRef(Grid))
      alignContent="center"
      className="makeStyles-root-1"
      container={true}
      justify="center"
      spacing={2}
    >
      <TextInput
        handleChange={[Function]}
      />
      <SimpleSelect
        simpleSelectHandleChange={[Function]}
        value="Español-Embera"
      />
      <SelectWords
        Spanish={true}
        selectWordsOnChange={[Function]}
      />
      <SelectWords
        Spanish={false}
        selectWordsOnChange={[Function]}
      />
    </WithStyles(ForwardRef(Grid))>
  </section>
  <section>
    <WithStyles(ForwardRef(Grid))
      alignContent="center"
      className="makeStyles-cardStyles-3"
      container={true}
      justify="center"
      spacing={2}
    >
      <Translation
        kindOfTranslation="Español-Embera"
        textToTranslate=""
      />
    </WithStyles(ForwardRef(Grid))>
  </section>
</div>
`;
